// Jest Snapshot v1, https://goo.gl/fbAQLP

exports[`activity-box handles failure to update the Gist 1`] = `
[
  [
    [Error: 404],
  ],
]
`;

exports[`activity-box updates the Gist with fallback message if no events are found 1`] = `
{
  "content": "No recent activity found.",
}
`;

exports[`activity-box updates the Gist with the expected string when events exist 1`] = `
{
  "content": "🚩 Opened issue #1 in clippy/take-over-github
💬 Commented on #1 in clippy/take-over-github
🟢 Merged PR #2 in clippy/take-over-github
❌ Closed PR #3 in clippy/take-over-github
🔀 Opened PR #3 in clippy/really-really-really-really-really...",
}
`;
